Starting a Gradle Daemon, 2 busy and 1 incompatible and 3 stopped Daemons could not be reused, use --status for details
Type-safe project accessors is an incubating feature.
> Task :buildSrc:checkKotlinGradlePluginConfigurationErrors SKIPPED
> Task :buildSrc:compileKotlin UP-TO-DATE
> Task :buildSrc:compileJava NO-SOURCE
> Task :buildSrc:compileGroovy NO-SOURCE
> Task :buildSrc:pluginDescriptors UP-TO-DATE
> Task :buildSrc:processResources NO-SOURCE
> Task :buildSrc:classes UP-TO-DATE
> Task :buildSrc:jar UP-TO-DATE

> Configure project :
e: file:///C:/Users/yuri/workspace/okhttp/build.gradle.kts:307:3: Unresolved reference 'dokka'.
e: file:///C:/Users/yuri/workspace/okhttp/build.gradle.kts:308:5: Unresolved reference 'dokkaSourceSets'.
e: file:///C:/Users/yuri/workspace/okhttp/build.gradle.kts:308:21: Cannot infer type for type parameter 'S'. Specify it explicitly.
e: file:///C:/Users/yuri/workspace/okhttp/build.gradle.kts:308:21: Cannot infer type for type parameter 'T'. Specify it explicitly.
e: file:///C:/Users/yuri/workspace/okhttp/build.gradle.kts:308:35: Cannot infer type for type parameter 'S'. Specify it explicitly.
e: file:///C:/Users/yuri/workspace/okhttp/build.gradle.kts:309:7: Unresolved reference 'reportUndocumented'.
e: file:///C:/Users/yuri/workspace/okhttp/build.gradle.kts:310:7: Unresolved reference 'skipDeprecated'.
e: file:///C:/Users/yuri/workspace/okhttp/build.gradle.kts:311:7: Unresolved reference 'jdkVersion'.
e: file:///C:/Users/yuri/workspace/okhttp/build.gradle.kts:312:7: Unresolved reference 'perPackageOption'.
e: file:///C:/Users/yuri/workspace/okhttp/build.gradle.kts:313:9: Unresolved reference 'matchingRegex'.
e: file:///C:/Users/yuri/workspace/okhttp/build.gradle.kts:314:9: Unresolved reference 'suppress'.
e: file:///C:/Users/yuri/workspace/okhttp/build.gradle.kts:317:9: Unresolved reference 'includes'.
e: file:///C:/Users/yuri/workspace/okhttp/build.gradle.kts:317:18: Cannot infer type for type parameter 'T'. Specify it explicitly.
e: file:///C:/Users/yuri/workspace/okhttp/build.gradle.kts:319:7: Unresolved reference 'externalDocumentationLinks'.
e: file:///C:/Users/yuri/workspace/okhttp/build.gradle.kts:319:34: Cannot infer type for type parameter 'T'. Specify it explicitly.
e: file:///C:/Users/yuri/workspace/okhttp/build.gradle.kts:319:51: Cannot infer type for type parameter 'T'. Specify it explicitly.
e: file:///C:/Users/yuri/workspace/okhttp/build.gradle.kts:320:9: Unresolved reference 'url'.
e: file:///C:/Users/yuri/workspace/okhttp/build.gradle.kts:321:9: Unresolved reference 'packageListUrl'.
e: file:///C:/Users/yuri/workspace/okhttp/build.gradle.kts:382:3: Unresolved reference 'dokka'.
e: file:///C:/Users/yuri/workspace/okhttp/build.gradle.kts:383:3: Unresolved reference 'dokka'.
e: file:///C:/Users/yuri/workspace/okhttp/build.gradle.kts:384:3: Unresolved reference 'dokka'.
e: file:///C:/Users/yuri/workspace/okhttp/build.gradle.kts:385:3: Unresolved reference 'dokka'.
e: file:///C:/Users/yuri/workspace/okhttp/build.gradle.kts:386:3: Unresolved reference 'dokka'.
e: file:///C:/Users/yuri/workspace/okhttp/build.gradle.kts:387:3: Unresolved reference 'dokka'.
e: file:///C:/Users/yuri/workspace/okhttp/build.gradle.kts:388:3: Unresolved reference 'dokka'.
e: file:///C:/Users/yuri/workspace/okhttp/build.gradle.kts:389:3: Unresolved reference 'dokka'.
e: file:///C:/Users/yuri/workspace/okhttp/build.gradle.kts:390:3: Unresolved reference 'dokka'.
e: file:///C:/Users/yuri/workspace/okhttp/build.gradle.kts:391:3: Unresolved reference 'dokka'.
e: file:///C:/Users/yuri/workspace/okhttp/build.gradle.kts:392:3: Unresolved reference 'dokka'.
e: file:///C:/Users/yuri/workspace/okhttp/build.gradle.kts:393:3: Unresolved reference 'dokka'.
e: file:///C:/Users/yuri/workspace/okhttp/build.gradle.kts:394:3: Unresolved reference 'dokka'.

FAILURE: Build failed with an exception.

* Where:
Build file 'C:\Users\yuri\workspace\okhttp\build.gradle.kts' line: 307

* What went wrong:
Script compilation errors:

  Line 307:   dokka {
              ^ Unresolved reference 'dokka'.

  Line 308:     dokkaSourceSets.configureEach {
                ^ Unresolved reference 'dokkaSourceSets'.

  Line 308:     dokkaSourceSets.configureEach {
                                ^ Cannot infer type for type parameter 'S'. Specify it explicitly.

  Line 308:     dokkaSourceSets.configureEach {
                                ^ Cannot infer type for type parameter 'T'. Specify it explicitly.

  Line 308:     dokkaSourceSets.configureEach {
                                              ^ Cannot infer type for type parameter 'S'. Specify it explicitly.

  Line 309:       reportUndocumented.set(false)
                  ^ Unresolved reference 'reportUndocumented'.

  Line 310:       skipDeprecated.set(true)
                  ^ Unresolved reference 'skipDeprecated'.

  Line 311:       jdkVersion.set(8)
                  ^ Unresolved reference 'jdkVersion'.

  Line 312:       perPackageOption {
                  ^ Unresolved reference 'perPackageOption'.

  Line 313:         matchingRegex.set(".*\\.internal.*")
                    ^ Unresolved reference 'matchingRegex'.

  Line 314:         suppress.set(true)
                    ^ Unresolved reference 'suppress'.

  Line 317:         includes.from(project.file("Module.md"))
                    ^ Unresolved reference 'includes'.

  Line 317:         includes.from(project.file("Module.md"))
                             ^ Cannot infer type for type parameter 'T'. Specify it explicitly.

  Line 319:       externalDocumentationLinks.register("okio") {
                  ^ Unresolved reference 'externalDocumentationLinks'.

  Line 319:       externalDocumentationLinks.register("okio") {
                                             ^ Cannot infer type for type parameter 'T'. Specify it explicitly.

  Line 319:       externalDocumentationLinks.register("okio") {
                                                              ^ Cannot infer type for type parameter 'T'. Specify it explicitly.

  Line 320:         url.set(URI.create("https://square.github.io/okio/3.x/okio/").toURL())
                    ^ Unresolved reference 'url'.

  Line 321:         packageListUrl.set(URI.create("https://square.github.io/okio/3.x/okio/okio/package-list").toURL())
                    ^ Unresolved reference 'packageListUrl'.

  Line 382:   dokka(project(":okhttp"))
              ^ Unresolved reference 'dokka'.

  Line 383:   dokka(project(":okhttp-brotli"))
              ^ Unresolved reference 'dokka'.

  Line 384:   dokka(project(":okhttp-coroutines"))
              ^ Unresolved reference 'dokka'.

  Line 385:   dokka(project(":okhttp-dnsoverhttps"))
              ^ Unresolved reference 'dokka'.

  Line 386:   dokka(project(":okhttp-java-net-cookiejar"))
              ^ Unresolved reference 'dokka'.

  Line 387:   dokka(project(":okhttp-logging-interceptor"))
              ^ Unresolved reference 'dokka'.

  Line 388:   dokka(project(":okhttp-sse"))
              ^ Unresolved reference 'dokka'.

  Line 389:   dokka(project(":okhttp-tls"))
              ^ Unresolved reference 'dokka'.

  Line 390:   dokka(project(":okhttp-urlconnection"))
              ^ Unresolved reference 'dokka'.

  Line 391:   dokka(project(":mockwebserver"))
              ^ Unresolved reference 'dokka'.

  Line 392:   dokka(project(":mockwebserver3"))
              ^ Unresolved reference 'dokka'.

  Line 393:   dokka(project(":mockwebserver3-junit4"))
              ^ Unresolved reference 'dokka'.

  Line 394:   dokka(project(":mockwebserver3-junit5"))
              ^ Unresolved reference 'dokka'.

31 errors

* Try:
> Run with --info or --debug option to get more log output.
> Run with --scan to generate a Build Scan (powered by Develocity).
> Get more help at https://help.gradle.org.

* Exception is:
ScriptCompilationException(scriptCompilationErrors=[ScriptCompilationError(message=Unresolved reference 'dokka'., location=C:\Users\yuri\.gradle\.tmp\gradle-kotlin-dsl-6199520616070691195.tmp\build.gradle.kts (307:3)), ScriptCompilationError(message=Unresolved reference 'dokkaSourceSets'., location=C:\Users\yuri\.gradle\.tmp\gradle-kotlin-dsl-6199520616070691195.tmp\build.gradle.kts (308:5)), ScriptCompilationError(message=Cannot infer type for type parameter 'S'. Specify it explicitly., location=C:\Users\yuri\.gradle\.tmp\gradle-kotlin-dsl-6199520616070691195.tmp\build.gradle.kts (308:21)), ScriptCompilationError(message=Cannot infer type for type parameter 'T'. Specify it explicitly., location=C:\Users\yuri\.gradle\.tmp\gradle-kotlin-dsl-6199520616070691195.tmp\build.gradle.kts (308:21)), ScriptCompilationError(message=Cannot infer type for type parameter 'S'. Specify it explicitly., location=C:\Users\yuri\.gradle\.tmp\gradle-kotlin-dsl-6199520616070691195.tmp\build.gradle.kts (308:35)), ScriptCompilationError(message=Unresolved reference 'reportUndocumented'., location=C:\Users\yuri\.gradle\.tmp\gradle-kotlin-dsl-6199520616070691195.tmp\build.gradle.kts (309:7)), ScriptCompilationError(message=Unresolved reference 'skipDeprecated'., location=C:\Users\yuri\.gradle\.tmp\gradle-kotlin-dsl-6199520616070691195.tmp\build.gradle.kts (310:7)), ScriptCompilationError(message=Unresolved reference 'jdkVersion'., location=C:\Users\yuri\.gradle\.tmp\gradle-kotlin-dsl-6199520616070691195.tmp\build.gradle.kts (311:7)), ScriptCompilationError(message=Unresolved reference 'perPackageOption'., location=C:\Users\yuri\.gradle\.tmp\gradle-kotlin-dsl-6199520616070691195.tmp\build.gradle.kts (312:7)), ScriptCompilationError(message=Unresolved reference 'matchingRegex'., location=C:\Users\yuri\.gradle\.tmp\gradle-kotlin-dsl-6199520616070691195.tmp\build.gradle.kts (313:9)), ScriptCompilationError(message=Unresolved reference 'suppress'., location=C:\Users\yuri\.gradle\.tmp\gradle-kotlin-dsl-6199520616070691195.tmp\build.gradle.kts (314:9)), ScriptCompilationError(message=Unresolved reference 'includes'., location=C:\Users\yuri\.gradle\.tmp\gradle-kotlin-dsl-6199520616070691195.tmp\build.gradle.kts (317:9)), ScriptCompilationError(message=Cannot infer type for type parameter 'T'. Specify it explicitly., location=C:\Users\yuri\.gradle\.tmp\gradle-kotlin-dsl-6199520616070691195.tmp\build.gradle.kts (317:18)), ScriptCompilationError(message=Unresolved reference 'externalDocumentationLinks'., location=C:\Users\yuri\.gradle\.tmp\gradle-kotlin-dsl-6199520616070691195.tmp\build.gradle.kts (319:7)), ScriptCompilationError(message=Cannot infer type for type parameter 'T'. Specify it explicitly., location=C:\Users\yuri\.gradle\.tmp\gradle-kotlin-dsl-6199520616070691195.tmp\build.gradle.kts (319:34)), ScriptCompilationError(message=Cannot infer type for type parameter 'T'. Specify it explicitly., location=C:\Users\yuri\.gradle\.tmp\gradle-kotlin-dsl-6199520616070691195.tmp\build.gradle.kts (319:51)), ScriptCompilationError(message=Unresolved reference 'url'., location=C:\Users\yuri\.gradle\.tmp\gradle-kotlin-dsl-6199520616070691195.tmp\build.gradle.kts (320:9)), ScriptCompilationError(message=Unresolved reference 'packageListUrl'., location=C:\Users\yuri\.gradle\.tmp\gradle-kotlin-dsl-6199520616070691195.tmp\build.gradle.kts (321:9)), ScriptCompilationError(message=Unresolved reference 'dokka'., location=C:\Users\yuri\.gradle\.tmp\gradle-kotlin-dsl-6199520616070691195.tmp\build.gradle.kts (382:3)), ScriptCompilationError(message=Unresolved reference 'dokka'., location=C:\Users\yuri\.gradle\.tmp\gradle-kotlin-dsl-6199520616070691195.tmp\build.gradle.kts (383:3)), ScriptCompilationError(message=Unresolved reference 'dokka'., location=C:\Users\yuri\.gradle\.tmp\gradle-kotlin-dsl-6199520616070691195.tmp\build.gradle.kts (384:3)), ScriptCompilationError(message=Unresolved reference 'dokka'., location=C:\Users\yuri\.gradle\.tmp\gradle-kotlin-dsl-6199520616070691195.tmp\build.gradle.kts (385:3)), ScriptCompilationError(message=Unresolved reference 'dokka'., location=C:\Users\yuri\.gradle\.tmp\gradle-kotlin-dsl-6199520616070691195.tmp\build.gradle.kts (386:3)), ScriptCompilationError(message=Unresolved reference 'dokka'., location=C:\Users\yuri\.gradle\.tmp\gradle-kotlin-dsl-6199520616070691195.tmp\build.gradle.kts (387:3)), ScriptCompilationError(message=Unresolved reference 'dokka'., location=C:\Users\yuri\.gradle\.tmp\gradle-kotlin-dsl-6199520616070691195.tmp\build.gradle.kts (388:3)), ScriptCompilationError(message=Unresolved reference 'dokka'., location=C:\Users\yuri\.gradle\.tmp\gradle-kotlin-dsl-6199520616070691195.tmp\build.gradle.kts (389:3)), ScriptCompilationError(message=Unresolved reference 'dokka'., location=C:\Users\yuri\.gradle\.tmp\gradle-kotlin-dsl-6199520616070691195.tmp\build.gradle.kts (390:3)), ScriptCompilationError(message=Unresolved reference 'dokka'., location=C:\Users\yuri\.gradle\.tmp\gradle-kotlin-dsl-6199520616070691195.tmp\build.gradle.kts (391:3)), ScriptCompilationError(message=Unresolved reference 'dokka'., location=C:\Users\yuri\.gradle\.tmp\gradle-kotlin-dsl-6199520616070691195.tmp\build.gradle.kts (392:3)), ScriptCompilationError(message=Unresolved reference 'dokka'., location=C:\Users\yuri\.gradle\.tmp\gradle-kotlin-dsl-6199520616070691195.tmp\build.gradle.kts (393:3)), ScriptCompilationError(message=Unresolved reference 'dokka'., location=C:\Users\yuri\.gradle\.tmp\gradle-kotlin-dsl-6199520616070691195.tmp\build.gradle.kts (394:3))])
	at org.gradle.kotlin.dsl.support.KotlinCompilerKt.reportToMessageCollectorAndThrowOnErrors(KotlinCompiler.kt:269)
	at org.gradle.kotlin.dsl.support.KotlinCompilerKt.compileKotlinScriptModuleTo(KotlinCompiler.kt:238)
	at org.gradle.kotlin.dsl.support.KotlinCompilerKt.compileKotlinScriptToDirectory(KotlinCompiler.kt:192)
	at org.gradle.kotlin.dsl.execution.ResidualProgramCompiler.compileScript_C5AE47M$lambda$0(ResidualProgramCompiler.kt:713)
	at org.gradle.kotlin.dsl.provider.StandardKotlinScriptEvaluator$InterpreterHost$runCompileBuildOperation$1.call(KotlinScriptEvaluator.kt:209)
	at org.gradle.kotlin.dsl.provider.StandardKotlinScriptEvaluator$InterpreterHost$runCompileBuildOperation$1.call(KotlinScriptEvaluator.kt:206)
	at org.gradle.internal.operations.DefaultBuildOperationRunner$CallableBuildOperationWorker.execute(DefaultBuildOperationRunner.java:209)
	at org.gradle.internal.operations.DefaultBuildOperationRunner$CallableBuildOperationWorker.execute(DefaultBuildOperationRunner.java:204)
	at org.gradle.internal.operations.DefaultBuildOperationRunner$2.execute(DefaultBuildOperationRunner.java:66)
	at org.gradle.internal.operations.DefaultBuildOperationRunner$2.execute(DefaultBuildOperationRunner.java:59)
	at org.gradle.internal.operations.DefaultBuildOperationRunner.execute(DefaultBuildOperationRunner.java:166)
	at org.gradle.internal.operations.DefaultBuildOperationRunner.execute(DefaultBuildOperationRunner.java:59)
	at org.gradle.internal.operations.DefaultBuildOperationRunner.call(DefaultBuildOperationRunner.java:53)
	at org.gradle.kotlin.dsl.provider.StandardKotlinScriptEvaluator$InterpreterHost.runCompileBuildOperation(KotlinScriptEvaluator.kt:206)
	at org.gradle.kotlin.dsl.execution.Interpreter$ProgramHost$compileSecondStageOf$cacheDir$1$1$1$1$1.invoke(Interpreter.kt:492)
	at org.gradle.kotlin.dsl.execution.Interpreter$ProgramHost$compileSecondStageOf$cacheDir$1$1$1$1$1.invoke(Interpreter.kt:492)
	at org.gradle.kotlin.dsl.execution.ResidualProgramCompiler.compileScript-C5AE47M(ResidualProgramCompiler.kt:712)
	at org.gradle.kotlin.dsl.execution.ResidualProgramCompiler.compileScript-C5AE47M$default(ResidualProgramCompiler.kt:705)
	at org.gradle.kotlin.dsl.execution.ResidualProgramCompiler.emitStage2ProgramFor(ResidualProgramCompiler.kt:364)
	at org.gradle.kotlin.dsl.execution.Interpreter$ProgramHost.compileSecondStageOf$lambda$0(Interpreter.kt:493)
	at org.gradle.kotlin.dsl.provider.StandardKotlinScriptEvaluator$KotlinScriptCompilationAndInstrumentation.compile(KotlinScriptEvaluator.kt:440)
	at org.gradle.internal.scripts.BuildScriptCompilationAndInstrumentation.execute(BuildScriptCompilationAndInstrumentation.java:136)
	at org.gradle.internal.execution.steps.ExecuteStep.executeInternal(ExecuteStep.java:105)
	at org.gradle.internal.execution.steps.ExecuteStep.access$000(ExecuteStep.java:44)
	at org.gradle.internal.execution.steps.ExecuteStep$1.call(ExecuteStep.java:59)
	at org.gradle.internal.execution.steps.ExecuteStep$1.call(ExecuteStep.java:56)
	at org.gradle.internal.operations.DefaultBuildOperationRunner$CallableBuildOperationWorker.execute(DefaultBuildOperationRunner.java:209)
	at org.gradle.internal.operations.DefaultBuildOperationRunner$CallableBuildOperationWorker.execute(DefaultBuildOperationRunner.java:204)
	at org.gradle.internal.operations.DefaultBuildOperationRunner$2.execute(DefaultBuildOperationRunner.java:66)
	at org.gradle.internal.operations.DefaultBuildOperationRunner$2.execute(DefaultBuildOperationRunner.java:59)
	at org.gradle.internal.operations.DefaultBuildOperationRunner.execute(DefaultBuildOperationRunner.java:166)
	at org.gradle.internal.operations.DefaultBuildOperationRunner.execute(DefaultBuildOperationRunner.java:59)
	at org.gradle.internal.operations.DefaultBuildOperationRunner.call(DefaultBuildOperationRunner.java:53)
	at org.gradle.internal.execution.steps.ExecuteStep.execute(ExecuteStep.java:56)
	at org.gradle.internal.execution.steps.ExecuteStep.execute(ExecuteStep.java:44)
	at org.gradle.internal.execution.steps.CancelExecutionStep.execute(CancelExecutionStep.java:42)
	at org.gradle.internal.execution.steps.TimeoutStep.executeWithoutTimeout(TimeoutStep.java:75)
	at org.gradle.internal.execution.steps.TimeoutStep.execute(TimeoutStep.java:55)
	at org.gradle.internal.execution.steps.PreCreateOutputParentsStep.execute(PreCreateOutputParentsStep.java:50)
	at org.gradle.internal.execution.steps.PreCreateOutputParentsStep.execute(PreCreateOutputParentsStep.java:28)
	at org.gradle.internal.execution.steps.BroadcastChangingOutputsStep.execute(BroadcastChangingOutputsStep.java:61)
	at org.gradle.internal.execution.steps.BroadcastChangingOutputsStep.execute(BroadcastChangingOutputsStep.java:26)
	at org.gradle.internal.execution.steps.NoInputChangesStep.execute(NoInputChangesStep.java:30)
	at org.gradle.internal.execution.steps.NoInputChangesStep.execute(NoInputChangesStep.java:21)
	at org.gradle.internal.execution.steps.CaptureOutputsAfterExecutionStep.execute(CaptureOutputsAfterExecutionStep.java:69)
	at org.gradle.internal.execution.steps.CaptureOutputsAfterExecutionStep.execute(CaptureOutputsAfterExecutionStep.java:46)
	at org.gradle.internal.execution.steps.BuildCacheStep.executeWithoutCache(BuildCacheStep.java:189)
	at org.gradle.internal.execution.steps.BuildCacheStep.executeAndStoreInCache(BuildCacheStep.java:145)
	at org.gradle.internal.execution.steps.BuildCacheStep.lambda$executeWithCache$4(BuildCacheStep.java:101)
	at org.gradle.internal.execution.steps.BuildCacheStep.lambda$executeWithCache$5(BuildCacheStep.java:101)
	at org.gradle.internal.Try$Success.map(Try.java:170)
	at org.gradle.internal.execution.steps.BuildCacheStep.executeWithCache(BuildCacheStep.java:85)
	at org.gradle.internal.execution.steps.BuildCacheStep.lambda$execute$0(BuildCacheStep.java:74)
	at org.gradle.internal.Either$Left.fold(Either.java:116)
	at org.gradle.internal.execution.caching.CachingState.fold(CachingState.java:62)
	at org.gradle.internal.execution.steps.BuildCacheStep.execute(BuildCacheStep.java:73)
	at org.gradle.internal.execution.steps.BuildCacheStep.execute(BuildCacheStep.java:48)
	at org.gradle.internal.execution.steps.NeverUpToDateStep.execute(NeverUpToDateStep.java:34)
	at org.gradle.internal.execution.steps.NeverUpToDateStep.execute(NeverUpToDateStep.java:22)
	at org.gradle.internal.execution.steps.legacy.MarkSnapshottingInputsFinishedStep.execute(MarkSnapshottingInputsFinishedStep.java:37)
	at org.gradle.internal.execution.steps.legacy.MarkSnapshottingInputsFinishedStep.execute(MarkSnapshottingInputsFinishedStep.java:27)
	at org.gradle.internal.execution.steps.ResolveNonIncrementalCachingStateStep.executeDelegate(ResolveNonIncrementalCachingStateStep.java:50)
	at org.gradle.internal.execution.steps.AbstractResolveCachingStateStep.execute(AbstractResolveCachingStateStep.java:71)
	at org.gradle.internal.execution.steps.AbstractResolveCachingStateStep.execute(AbstractResolveCachingStateStep.java:39)
	at org.gradle.internal.execution.steps.ValidateStep.execute(ValidateStep.java:62)
	at org.gradle.internal.execution.steps.ValidateStep.execute(ValidateStep.java:40)
	at org.gradle.internal.execution.steps.AbstractCaptureStateBeforeExecutionStep.execute(AbstractCaptureStateBeforeExecutionStep.java:76)
	at org.gradle.internal.execution.steps.AbstractCaptureStateBeforeExecutionStep.execute(AbstractCaptureStateBeforeExecutionStep.java:45)
	at org.gradle.internal.execution.steps.legacy.MarkSnapshottingInputsStartedStep.execute(MarkSnapshottingInputsStartedStep.java:38)
	at org.gradle.internal.execution.steps.AssignImmutableWorkspaceStep.executeInWorkspace(AssignImmutableWorkspaceStep.java:260)
	at org.gradle.internal.execution.steps.AssignImmutableWorkspaceStep.lambda$execute$0(AssignImmutableWorkspaceStep.java:150)
	at org.gradle.internal.execution.steps.AssignImmutableWorkspaceStep.lambda$execute$1(AssignImmutableWorkspaceStep.java:148)
	at org.gradle.internal.execution.workspace.impl.CacheBasedImmutableWorkspaceProvider$CacheContainer.lambda$withFileLock$0(CacheBasedImmutableWorkspaceProvider.java:178)
	at org.gradle.cache.internal.LockOnDemandCrossProcessCacheAccess.withFileLock(LockOnDemandCrossProcessCacheAccess.java:90)
	at org.gradle.cache.internal.DefaultCacheCoordinator.withFileLock(DefaultCacheCoordinator.java:226)
	at org.gradle.cache.internal.DefaultPersistentDirectoryStore.withFileLock(DefaultPersistentDirectoryStore.java:147)
	at org.gradle.cache.internal.DefaultCacheFactory$ReferenceTrackingCache.withFileLock(DefaultCacheFactory.java:203)
	at org.gradle.internal.execution.workspace.impl.CacheBasedImmutableWorkspaceProvider$CacheContainer.withFileLock(CacheBasedImmutableWorkspaceProvider.java:175)
	at org.gradle.internal.execution.workspace.impl.CacheBasedImmutableWorkspaceProvider$2.withWorkspaceLock(CacheBasedImmutableWorkspaceProvider.java:155)
	at org.gradle.internal.execution.steps.AssignImmutableWorkspaceStep.execute(AssignImmutableWorkspaceStep.java:146)
	at org.gradle.internal.execution.steps.AssignImmutableWorkspaceStep.execute(AssignImmutableWorkspaceStep.java:92)
	at org.gradle.internal.execution.steps.ChoosePipelineStep.execute(ChoosePipelineStep.java:38)
	at org.gradle.internal.execution.steps.ChoosePipelineStep.execute(ChoosePipelineStep.java:23)
	at org.gradle.internal.execution.steps.ExecuteWorkBuildOperationFiringStep.lambda$execute$2(ExecuteWorkBuildOperationFiringStep.java:67)
	at org.gradle.internal.execution.steps.ExecuteWorkBuildOperationFiringStep.execute(ExecuteWorkBuildOperationFiringStep.java:67)
	at org.gradle.internal.execution.steps.ExecuteWorkBuildOperationFiringStep.execute(ExecuteWorkBuildOperationFiringStep.java:39)
	at org.gradle.internal.execution.steps.IdentityCacheStep.execute(IdentityCacheStep.java:46)
	at org.gradle.internal.execution.steps.IdentityCacheStep.execute(IdentityCacheStep.java:34)
	at org.gradle.internal.execution.steps.IdentifyStep.execute(IdentifyStep.java:44)
	at org.gradle.internal.execution.steps.IdentifyStep.execute(IdentifyStep.java:31)
	at org.gradle.internal.execution.impl.DefaultExecutionEngine$1.execute(DefaultExecutionEngine.java:64)
	at org.gradle.kotlin.dsl.provider.StandardKotlinScriptEvaluator$InterpreterHost.cachedDirFor(KotlinScriptEvaluator.kt:304)
	at org.gradle.kotlin.dsl.execution.Interpreter$ProgramHost.compileSecondStageOf(Interpreter.kt:469)
	at Program.loadSecondStageFor(Unknown Source)
	at org.gradle.kotlin.dsl.execution.Interpreter$ProgramHost.evaluateSecondStageOf(Interpreter.kt:433)
	at Program.execute(Unknown Source)
	at org.gradle.kotlin.dsl.execution.Interpreter$ProgramHost.eval(Interpreter.kt:516)
	at org.gradle.kotlin.dsl.execution.Interpreter.eval(Interpreter.kt:214)
	at org.gradle.kotlin.dsl.provider.StandardKotlinScriptEvaluator.evaluate(KotlinScriptEvaluator.kt:133)
	at org.gradle.kotlin.dsl.provider.KotlinScriptPluginFactory.create$lambda$0(KotlinScriptPluginFactory.kt:61)
	at org.gradle.kotlin.dsl.provider.KotlinScriptPlugin.apply(KotlinScriptPlugin.kt:35)
	at org.gradle.configuration.BuildOperationScriptPlugin$1.run(BuildOperationScriptPlugin.java:68)
	at org.gradle.internal.operations.DefaultBuildOperationRunner$1.execute(DefaultBuildOperationRunner.java:29)
	at org.gradle.internal.operations.DefaultBuildOperationRunner$1.execute(DefaultBuildOperationRunner.java:26)
	at org.gradle.internal.operations.DefaultBuildOperationRunner$2.execute(DefaultBuildOperationRunner.java:66)
	at org.gradle.internal.operations.DefaultBuildOperationRunner$2.execute(DefaultBuildOperationRunner.java:59)
	at org.gradle.internal.operations.DefaultBuildOperationRunner.execute(DefaultBuildOperationRunner.java:166)
	at org.gradle.internal.operations.DefaultBuildOperationRunner.execute(DefaultBuildOperationRunner.java:59)
	at org.gradle.internal.operations.DefaultBuildOperationRunner.run(DefaultBuildOperationRunner.java:47)
	at org.gradle.configuration.BuildOperationScriptPlugin.lambda$apply$0(BuildOperationScriptPlugin.java:65)
	at org.gradle.internal.code.DefaultUserCodeApplicationContext.apply(DefaultUserCodeApplicationContext.java:44)
	at org.gradle.configuration.BuildOperationScriptPlugin.apply(BuildOperationScriptPlugin.java:65)
	at org.gradle.api.internal.project.DefaultProjectStateRegistry$ProjectStateImpl.lambda$applyToMutableState$1(DefaultProjectStateRegistry.java:446)
	at org.gradle.api.internal.project.DefaultProjectStateRegistry$ProjectStateImpl.fromMutableState(DefaultProjectStateRegistry.java:464)
	at org.gradle.api.internal.project.DefaultProjectStateRegistry$ProjectStateImpl.applyToMutableState(DefaultProjectStateRegistry.java:445)
	at org.gradle.configuration.project.BuildScriptProcessor.execute(BuildScriptProcessor.java:46)
	at org.gradle.configuration.project.BuildScriptProcessor.execute(BuildScriptProcessor.java:27)
	at org.gradle.configuration.project.ConfigureActionsProjectEvaluator.evaluate(ConfigureActionsProjectEvaluator.java:35)
	at org.gradle.configuration.project.LifecycleProjectEvaluator$EvaluateProject.lambda$run$0(LifecycleProjectEvaluator.java:109)
	at org.gradle.api.internal.project.DefaultProjectStateRegistry$ProjectStateImpl.lambda$applyToMutableState$1(DefaultProjectStateRegistry.java:446)
	at org.gradle.api.internal.project.DefaultProjectStateRegistry$ProjectStateImpl.lambda$fromMutableState$2(DefaultProjectStateRegistry.java:469)
	at org.gradle.internal.work.DefaultWorkerLeaseService.lambda$withLocksAcquired$0(DefaultWorkerLeaseService.java:269)
	at org.gradle.internal.work.ResourceLockStatistics$1.measure(ResourceLockStatistics.java:42)
	at org.gradle.internal.work.DefaultWorkerLeaseService.withLocksAcquired(DefaultWorkerLeaseService.java:267)
	at org.gradle.internal.work.DefaultWorkerLeaseService.lambda$withReplacedLocks$3(DefaultWorkerLeaseService.java:365)
	at org.gradle.internal.work.DefaultWorkerLeaseService.withoutLocks(DefaultWorkerLeaseService.java:337)
	at org.gradle.internal.work.DefaultWorkerLeaseService.withReplacedLocks(DefaultWorkerLeaseService.java:364)
	at org.gradle.api.internal.project.DefaultProjectStateRegistry$ProjectStateImpl.fromMutableState(DefaultProjectStateRegistry.java:469)
	at org.gradle.api.internal.project.DefaultProjectStateRegistry$ProjectStateImpl.applyToMutableState(DefaultProjectStateRegistry.java:445)
	at org.gradle.configuration.project.LifecycleProjectEvaluator$EvaluateProject.run(LifecycleProjectEvaluator.java:100)
	at org.gradle.internal.operations.DefaultBuildOperationRunner$1.execute(DefaultBuildOperationRunner.java:29)
	at org.gradle.internal.operations.DefaultBuildOperationRunner$1.execute(DefaultBuildOperationRunner.java:26)
	at org.gradle.internal.operations.DefaultBuildOperationRunner$2.execute(DefaultBuildOperationRunner.java:66)
	at org.gradle.internal.operations.DefaultBuildOperationRunner$2.execute(DefaultBuildOperationRunner.java:59)
	at org.gradle.internal.operations.DefaultBuildOperationRunner.execute(DefaultBuildOperationRunner.java:166)
	at org.gradle.internal.operations.DefaultBuildOperationRunner.execute(DefaultBuildOperationRunner.java:59)
	at org.gradle.internal.operations.DefaultBuildOperationRunner.run(DefaultBuildOperationRunner.java:47)
	at org.gradle.configuration.project.LifecycleProjectEvaluator.evaluate(LifecycleProjectEvaluator.java:72)
	at org.gradle.api.internal.project.DefaultProject.evaluateUnchecked(DefaultProject.java:840)
	at org.gradle.api.internal.project.ProjectLifecycleController.lambda$ensureSelfConfigured$2(ProjectLifecycleController.java:88)
	at org.gradle.internal.model.StateTransitionController.lambda$doTransition$14(StateTransitionController.java:255)
	at org.gradle.internal.model.StateTransitionController.doTransition(StateTransitionController.java:266)
	at org.gradle.internal.model.StateTransitionController.doTransition(StateTransitionController.java:254)
	at org.gradle.internal.model.StateTransitionController.lambda$maybeTransitionIfNotCurrentlyTransitioning$10(StateTransitionController.java:199)
	at org.gradle.internal.work.DefaultSynchronizer.withLock(DefaultSynchronizer.java:35)
	at org.gradle.internal.model.StateTransitionController.maybeTransitionIfNotCurrentlyTransitioning(StateTransitionController.java:195)
	at org.gradle.api.internal.project.ProjectLifecycleController.ensureSelfConfigured(ProjectLifecycleController.java:88)
	at org.gradle.api.internal.project.DefaultProjectStateRegistry$ProjectStateImpl.ensureConfigured(DefaultProjectStateRegistry.java:411)
	at org.gradle.execution.TaskPathProjectEvaluator.configure(TaskPathProjectEvaluator.java:70)
	at org.gradle.execution.TaskPathProjectEvaluator.configureHierarchy(TaskPathProjectEvaluator.java:84)
	at org.gradle.configuration.DefaultProjectsPreparer.prepareProjects(DefaultProjectsPreparer.java:50)
	at org.gradle.configuration.BuildTreePreparingProjectsPreparer.prepareProjects(BuildTreePreparingProjectsPreparer.java:65)
	at org.gradle.configuration.BuildOperationFiringProjectsPreparer$ConfigureBuild.run(BuildOperationFiringProjectsPreparer.java:52)
	at org.gradle.internal.operations.DefaultBuildOperationRunner$1.execute(DefaultBuildOperationRunner.java:29)
	at org.gradle.internal.operations.DefaultBuildOperationRunner$1.execute(DefaultBuildOperationRunner.java:26)
	at org.gradle.internal.operations.DefaultBuildOperationRunner$2.execute(DefaultBuildOperationRunner.java:66)
	at org.gradle.internal.operations.DefaultBuildOperationRunner$2.execute(DefaultBuildOperationRunner.java:59)
	at org.gradle.internal.operations.DefaultBuildOperationRunner.execute(DefaultBuildOperationRunner.java:166)
	at org.gradle.internal.operations.DefaultBuildOperationRunner.execute(DefaultBuildOperationRunner.java:59)
	at org.gradle.internal.operations.DefaultBuildOperationRunner.run(DefaultBuildOperationRunner.java:47)
	at org.gradle.configuration.BuildOperationFiringProjectsPreparer.prepareProjects(BuildOperationFiringProjectsPreparer.java:40)
	at org.gradle.initialization.VintageBuildModelController.lambda$prepareProjects$2(VintageBuildModelController.java:83)
	at org.gradle.internal.model.StateTransitionController.lambda$doTransition$14(StateTransitionController.java:255)
	at org.gradle.internal.model.StateTransitionController.doTransition(StateTransitionController.java:266)
	at org.gradle.internal.model.StateTransitionController.doTransition(StateTransitionController.java:254)
	at org.gradle.internal.model.StateTransitionController.lambda$transitionIfNotPreviously$11(StateTransitionController.java:213)
	at org.gradle.internal.work.DefaultSynchronizer.withLock(DefaultSynchronizer.java:35)
	at org.gradle.internal.model.StateTransitionController.transitionIfNotPreviously(StateTransitionController.java:209)
	at org.gradle.initialization.VintageBuildModelController.prepareProjects(VintageBuildModelController.java:83)
	at org.gradle.initialization.VintageBuildModelController.prepareToScheduleTasks(VintageBuildModelController.java:70)
	at org.gradle.internal.build.DefaultBuildLifecycleController.lambda$prepareToScheduleTasks$6(DefaultBuildLifecycleController.java:175)
	at org.gradle.internal.model.StateTransitionController.lambda$doTransition$14(StateTransitionController.java:255)
	at org.gradle.internal.model.StateTransitionController.doTransition(StateTransitionController.java:266)
	at org.gradle.internal.model.StateTransitionController.doTransition(StateTransitionController.java:254)
	at org.gradle.internal.model.StateTransitionController.lambda$maybeTransition$9(StateTransitionController.java:190)
	at org.gradle.internal.work.DefaultSynchronizer.withLock(DefaultSynchronizer.java:35)
	at org.gradle.internal.model.StateTransitionController.maybeTransition(StateTransitionController.java:186)
	at org.gradle.internal.build.DefaultBuildLifecycleController.prepareToScheduleTasks(DefaultBuildLifecycleController.java:173)
	at org.gradle.internal.buildtree.DefaultBuildTreeWorkPreparer.scheduleRequestedTasks(DefaultBuildTreeWorkPreparer.java:35)
	at org.gradle.internal.cc.impl.barrier.BarrierAwareBuildTreeWorkPreparer.scheduleRequestedTasks$lambda$0(BarrierAwareBuildTreeWorkPreparer.kt:34)
	at org.gradle.internal.cc.impl.barrier.VintageConfigurationTimeActionRunner.runConfigurationTimeAction(VintageConfigurationTimeActionRunner.kt:48)
	at org.gradle.internal.cc.impl.barrier.BarrierAwareBuildTreeWorkPreparer.scheduleRequestedTasks(BarrierAwareBuildTreeWorkPreparer.kt:33)
	at org.gradle.internal.cc.impl.VintageBuildTreeWorkController$scheduleAndRunRequestedTasks$1.apply(VintageBuildTreeWorkController.kt:36)
	at org.gradle.internal.cc.impl.VintageBuildTreeWorkController$scheduleAndRunRequestedTasks$1.apply(VintageBuildTreeWorkController.kt:35)
	at org.gradle.composite.internal.DefaultIncludedBuildTaskGraph.withNewWorkGraph(DefaultIncludedBuildTaskGraph.java:114)
	at org.gradle.internal.cc.impl.VintageBuildTreeWorkController.scheduleAndRunRequestedTasks(VintageBuildTreeWorkController.kt:35)
	at org.gradle.internal.buildtree.DefaultBuildTreeLifecycleController.lambda$scheduleAndRunTasks$1(DefaultBuildTreeLifecycleController.java:77)
	at org.gradle.internal.buildtree.DefaultBuildTreeLifecycleController.lambda$runBuild$4(DefaultBuildTreeLifecycleController.java:120)
	at org.gradle.internal.model.StateTransitionController.lambda$transition$6(StateTransitionController.java:169)
	at org.gradle.internal.model.StateTransitionController.doTransition(StateTransitionController.java:266)
	at org.gradle.internal.model.StateTransitionController.lambda$transition$7(StateTransitionController.java:169)
	at org.gradle.internal.work.DefaultSynchronizer.withLock(DefaultSynchronizer.java:45)
	at org.gradle.internal.model.StateTransitionController.transition(StateTransitionController.java:169)
	at org.gradle.internal.buildtree.DefaultBuildTreeLifecycleController.runBuild(DefaultBuildTreeLifecycleController.java:117)
	at org.gradle.internal.buildtree.DefaultBuildTreeLifecycleController.scheduleAndRunTasks(DefaultBuildTreeLifecycleController.java:77)
	at org.gradle.internal.buildtree.DefaultBuildTreeLifecycleController.scheduleAndRunTasks(DefaultBuildTreeLifecycleController.java:72)
	at org.gradle.tooling.internal.provider.ExecuteBuildActionRunner.run(ExecuteBuildActionRunner.java:31)
	at org.gradle.launcher.exec.ChainingBuildActionRunner.run(ChainingBuildActionRunner.java:35)
	at org.gradle.internal.buildtree.ProblemReportingBuildActionRunner.run(ProblemReportingBuildActionRunner.java:54)
	at org.gradle.launcher.exec.BuildOutcomeReportingBuildActionRunner.run(BuildOutcomeReportingBuildActionRunner.java:83)
	at org.gradle.tooling.internal.provider.FileSystemWatchingBuildActionRunner.run(FileSystemWatchingBuildActionRunner.java:135)
	at org.gradle.launcher.exec.BuildCompletionNotifyingBuildActionRunner.run(BuildCompletionNotifyingBuildActionRunner.java:54)
	at org.gradle.launcher.exec.RootBuildLifecycleBuildActionExecutor.lambda$execute$0(RootBuildLifecycleBuildActionExecutor.java:56)
	at org.gradle.composite.internal.DefaultRootBuildState.run(DefaultRootBuildState.java:126)
	at org.gradle.launcher.exec.RootBuildLifecycleBuildActionExecutor.execute(RootBuildLifecycleBuildActionExecutor.java:56)
	at org.gradle.internal.buildtree.InitDeprecationLoggingActionExecutor.execute(InitDeprecationLoggingActionExecutor.java:62)
	at org.gradle.internal.buildtree.InitProblems.execute(InitProblems.java:36)
	at org.gradle.internal.buildtree.DefaultBuildTreeContext.execute(DefaultBuildTreeContext.java:40)
	at org.gradle.launcher.exec.BuildTreeLifecycleBuildActionExecutor.lambda$execute$0(BuildTreeLifecycleBuildActionExecutor.java:71)
	at org.gradle.internal.buildtree.BuildTreeState.run(BuildTreeState.java:60)
	at org.gradle.launcher.exec.BuildTreeLifecycleBuildActionExecutor.execute(BuildTreeLifecycleBuildActionExecutor.java:71)
	at org.gradle.launcher.exec.RunAsBuildOperationBuildActionExecutor$2.call(RunAsBuildOperationBuildActionExecutor.java:65)
	at org.gradle.launcher.exec.RunAsBuildOperationBuildActionExecutor$2.call(RunAsBuildOperationBuildActionExecutor.java:61)
	at org.gradle.internal.operations.DefaultBuildOperationRunner$CallableBuildOperationWorker.execute(DefaultBuildOperationRunner.java:209)
	at org.gradle.internal.operations.DefaultBuildOperationRunner$CallableBuildOperationWorker.execute(DefaultBuildOperationRunner.java:204)
	at org.gradle.internal.operations.DefaultBuildOperationRunner$2.execute(DefaultBuildOperationRunner.java:66)
	at org.gradle.internal.operations.DefaultBuildOperationRunner$2.execute(DefaultBuildOperationRunner.java:59)
	at org.gradle.internal.operations.DefaultBuildOperationRunner.execute(DefaultBuildOperationRunner.java:166)
	at org.gradle.internal.operations.DefaultBuildOperationRunner.execute(DefaultBuildOperationRunner.java:59)
	at org.gradle.internal.operations.DefaultBuildOperationRunner.call(DefaultBuildOperationRunner.java:53)
	at org.gradle.launcher.exec.RunAsBuildOperationBuildActionExecutor.execute(RunAsBuildOperationBuildActionExecutor.java:61)
	at org.gradle.launcher.exec.RunAsWorkerThreadBuildActionExecutor.lambda$execute$0(RunAsWorkerThreadBuildActionExecutor.java:36)
	at org.gradle.internal.work.DefaultWorkerLeaseService.lambda$withLocksAcquired$0(DefaultWorkerLeaseService.java:269)
	at org.gradle.internal.work.ResourceLockStatistics$1.measure(ResourceLockStatistics.java:42)
	at org.gradle.internal.work.DefaultWorkerLeaseService.withLocksAcquired(DefaultWorkerLeaseService.java:267)
	at org.gradle.internal.work.DefaultWorkerLeaseService.withLocks(DefaultWorkerLeaseService.java:259)
	at org.gradle.internal.work.DefaultWorkerLeaseService.runAsWorkerThread(DefaultWorkerLeaseService.java:127)
	at org.gradle.launcher.exec.RunAsWorkerThreadBuildActionExecutor.execute(RunAsWorkerThreadBuildActionExecutor.java:36)
	at org.gradle.tooling.internal.provider.continuous.ContinuousBuildActionExecutor.execute(ContinuousBuildActionExecutor.java:110)
	at org.gradle.tooling.internal.provider.SubscribableBuildActionExecutor.execute(SubscribableBuildActionExecutor.java:64)
	at org.gradle.internal.session.DefaultBuildSessionContext.execute(DefaultBuildSessionContext.java:46)
	at org.gradle.internal.buildprocess.execution.BuildSessionLifecycleBuildActionExecutor$ActionImpl.apply(BuildSessionLifecycleBuildActionExecutor.java:92)
	at org.gradle.internal.buildprocess.execution.BuildSessionLifecycleBuildActionExecutor$ActionImpl.apply(BuildSessionLifecycleBuildActionExecutor.java:80)
	at org.gradle.internal.session.BuildSessionState.run(BuildSessionState.java:73)
	at org.gradle.internal.buildprocess.execution.BuildSessionLifecycleBuildActionExecutor.execute(BuildSessionLifecycleBuildActionExecutor.java:62)
	at org.gradle.internal.buildprocess.execution.BuildSessionLifecycleBuildActionExecutor.execute(BuildSessionLifecycleBuildActionExecutor.java:41)
	at org.gradle.internal.buildprocess.execution.StartParamsValidatingActionExecutor.execute(StartParamsValidatingActionExecutor.java:57)
	at org.gradle.internal.buildprocess.execution.StartParamsValidatingActionExecutor.execute(StartParamsValidatingActionExecutor.java:32)
	at org.gradle.internal.buildprocess.execution.SessionFailureReportingActionExecutor.execute(SessionFailureReportingActionExecutor.java:51)
	at org.gradle.internal.buildprocess.execution.SessionFailureReportingActionExecutor.execute(SessionFailureReportingActionExecutor.java:39)
	at org.gradle.internal.buildprocess.execution.SetupLoggingActionExecutor.execute(SetupLoggingActionExecutor.java:47)
	at org.gradle.internal.buildprocess.execution.SetupLoggingActionExecutor.execute(SetupLoggingActionExecutor.java:31)
	at org.gradle.launcher.daemon.server.exec.ExecuteBuild.doBuild(ExecuteBuild.java:70)
	at org.gradle.launcher.daemon.server.exec.BuildCommandOnly.execute(BuildCommandOnly.java:37)
	at org.gradle.launcher.daemon.server.api.DaemonCommandExecution.proceed(DaemonCommandExecution.java:104)
	at org.gradle.launcher.daemon.server.exec.WatchForDisconnection.execute(WatchForDisconnection.java:39)
	at org.gradle.launcher.daemon.server.api.DaemonCommandExecution.proceed(DaemonCommandExecution.java:104)
	at org.gradle.launcher.daemon.server.exec.ResetDeprecationLogger.execute(ResetDeprecationLogger.java:29)
	at org.gradle.launcher.daemon.server.api.DaemonCommandExecution.proceed(DaemonCommandExecution.java:104)
	at org.gradle.launcher.daemon.server.exec.RequestStopIfSingleUsedDaemon.execute(RequestStopIfSingleUsedDaemon.java:35)
	at org.gradle.launcher.daemon.server.api.DaemonCommandExecution.proceed(DaemonCommandExecution.java:104)
	at org.gradle.launcher.daemon.server.exec.ForwardClientInput.lambda$execute$0(ForwardClientInput.java:40)
	at org.gradle.internal.daemon.clientinput.ClientInputForwarder.forwardInput(ClientInputForwarder.java:80)
	at org.gradle.launcher.daemon.server.exec.ForwardClientInput.execute(ForwardClientInput.java:37)
	at org.gradle.launcher.daemon.server.api.DaemonCommandExecution.proceed(DaemonCommandExecution.java:104)
	at org.gradle.launcher.daemon.server.exec.LogAndCheckHealth.execute(LogAndCheckHealth.java:64)
	at org.gradle.launcher.daemon.server.api.DaemonCommandExecution.proceed(DaemonCommandExecution.java:104)
	at org.gradle.launcher.daemon.server.exec.LogToClient.doBuild(LogToClient.java:63)
	at org.gradle.launcher.daemon.server.exec.BuildCommandOnly.execute(BuildCommandOnly.java:37)
	at org.gradle.launcher.daemon.server.api.DaemonCommandExecution.proceed(DaemonCommandExecution.java:104)
	at org.gradle.launcher.daemon.server.exec.EstablishBuildEnvironment.doBuild(EstablishBuildEnvironment.java:84)
	at org.gradle.launcher.daemon.server.exec.BuildCommandOnly.execute(BuildCommandOnly.java:37)
	at org.gradle.launcher.daemon.server.api.DaemonCommandExecution.proceed(DaemonCommandExecution.java:104)
	at org.gradle.launcher.daemon.server.exec.StartBuildOrRespondWithBusy$1.run(StartBuildOrRespondWithBusy.java:52)
	at org.gradle.launcher.daemon.server.DaemonStateCoordinator.lambda$runCommand$0(DaemonStateCoordinator.java:321)
	at org.gradle.internal.concurrent.ExecutorPolicy$CatchAndRecordFailures.onExecute(ExecutorPolicy.java:64)
	at org.gradle.internal.concurrent.AbstractManagedExecutor$1.run(AbstractManagedExecutor.java:47)


BUILD FAILED in 18s
3 actionable tasks: 3 up-to-date
